// Jest Snapshot v1, https://goo.gl/fbAQLP

exports[`test DirectionCard 1`] = `
<div
  className="MuiPaper-root MuiCard-root MuiPaper-elevation1 MuiPaper-rounded"
  style={
    Object {
      "minWidth": "20vw",
    }
  }
>
  <div
    className="MuiCardContent-root"
  >
    <p
      className="MuiTypography-root MuiTypography-body1 MuiTypography-colorTextSecondary MuiTypography-gutterBottom"
    >
      Current Location: 30.438493° West 10° North
    </p>
    <hr />
    <p
      className="MuiTypography-root MuiTypography-body1 MuiTypography-colorTextSecondary MuiTypography-gutterBottom"
    >
      Destination: Boston, MA
    </p>
    <p
      className="MuiTypography-root MuiTypography-h5"
    >
      Turn 
      6° East
    </p>
    <p
      className="MuiTypography-root MuiTypography-h5"
    >
      Travel 
      2 Miles
    </p>
  </div>
  <div
    className="MuiCardActions-root MuiCardActions-spacing"
  >
    <button
      className="MuiButtonBase-root MuiButton-root MuiButton-text MuiButton-textSizeSmall MuiButton-sizeSmall"
      disabled={false}
      onBlur={[Function]}
      onDragLeave={[Function]}
      onFocus={[Function]}
      onKeyDown={[Function]}
      onKeyUp={[Function]}
      onMouseDown={[Function]}
      onMouseLeave={[Function]}
      onMouseUp={[Function]}
      onTouchEnd={[Function]}
      onTouchMove={[Function]}
      onTouchStart={[Function]}
      tabIndex={0}
      type="button"
    >
      <span
        className="MuiButton-label"
      >
        Next Direction
      </span>
    </button>
  </div>
</div>
`;
